
  .   ____          _            __ _ _
 /\\ / ___'_ __ _ _(_)_ __  __ _ \ \ \ \
( ( )\___ | '_ | '_| | '_ \/ _` | \ \ \ \
 \\/  ___)| |_)| | | | | || (_| |  ) ) ) )
  '  |____| .__|_| |_|_| |_\__, | / / / /
 =========|_|==============|___/=/_/_/_/
 :: Spring Boot ::                (v3.2.5)

2026-05-12T18:19:24.994+08:00  INFO 36888 --- [           main] com.centerpoint.viz.Application          : Starting Application v1.0.0 using Java 21.0.7 with PID 36888 (E:\OneDrive\Desktop\class\CenterPoint\backend\target\centerpoint-viz-1.0.0.jar started by 30433 in E:\OneDrive\Desktop\class\CenterPoint)
2026-05-12T18:19:24.997+08:00  INFO 36888 --- [           main] com.centerpoint.viz.Application          : No active profile set, falling back to 1 default profile: "default"
2026-05-12T18:19:26.637+08:00  INFO 36888 --- [           main] o.s.b.w.embedded.tomcat.TomcatWebServer  : Tomcat initialized with port 8082 (http)
2026-05-12T18:19:26.642+08:00  INFO 36888 --- [           main] o.a.catalina.core.AprLifecycleListener   : Loaded Apache Tomcat Native library [2.0.8] using APR version [1.7.4].
2026-05-12T18:19:26.671+08:00  INFO 36888 --- [           main] o.a.catalina.core.AprLifecycleListener   : OpenSSL successfully initialized [OpenSSL 3.0.14 4 Jun 2024]
2026-05-12T18:19:26.686+08:00  INFO 36888 --- [           main] o.apache.catalina.core.StandardService   : Starting service [Tomcat]
2026-05-12T18:19:26.686+08:00  INFO 36888 --- [           main] o.apache.catalina.core.StandardEngine    : Starting Servlet engine: [Apache Tomcat/10.1.20]
2026-05-12T18:19:26.737+08:00  INFO 36888 --- [           main] o.a.c.c.C.[Tomcat].[localhost].[/]       : Initializing Spring embedded WebApplicationContext
2026-05-12T18:19:26.739+08:00  INFO 36888 --- [           main] w.s.c.ServletWebServerApplicationContext : Root WebApplicationContext: initialization completed in 1659 ms
2026-05-12T18:19:26.928+08:00  INFO 36888 --- [           main] com.zaxxer.hikari.HikariDataSource       : HikariPool-1 - Starting...
2026-05-12T18:19:27.235+08:00  INFO 36888 --- [           main] com.zaxxer.hikari.pool.HikariPool        : HikariPool-1 - Added connection org.sqlite.jdbc4.JDBC4Connection@334ebcaa
2026-05-12T18:19:27.236+08:00  INFO 36888 --- [           main] com.zaxxer.hikari.HikariDataSource       : HikariPool-1 - Start completed.
2026-05-12T18:19:27.436+08:00  INFO 36888 --- [           main] c.centerpoint.viz.service.JobExecutor    : Startup recovery: no interrupted jobs found.
2026-05-12T18:19:27.510+08:00  INFO 36888 --- [           main] o.s.b.a.w.s.WelcomePageHandlerMapping    : Adding welcome page: class path resource [static/index.html]
2026-05-12T18:19:27.963+08:00  INFO 36888 --- [           main] o.s.b.w.embedded.tomcat.TomcatWebServer  : Tomcat started on port 8082 (http) with context path ''
2026-05-12T18:19:27.996+08:00  INFO 36888 --- [           main] com.centerpoint.viz.Application          : Started Application in 3.591 seconds (process running for 4.218)
2026-05-12T18:28:04.575+08:00  INFO 36888 --- [nio-8082-exec-1] o.a.c.c.C.[Tomcat].[localhost].[/]       : Initializing Spring DispatcherServlet 'dispatcherServlet'
2026-05-12T18:28:04.580+08:00  INFO 36888 --- [nio-8082-exec-1] o.s.web.servlet.DispatcherServlet        : Initializing Servlet 'dispatcherServlet'
2026-05-12T18:28:04.603+08:00  INFO 36888 --- [nio-8082-exec-1] o.s.web.servlet.DispatcherServlet        : Completed initialization in 23 ms
